------------------------------------------------------------
TimeQuest Timing Analyzer Summary
------------------------------------------------------------

Type  : Slow 1100mV 85C Model Setup 'pll_33_MHz|cv_pll_inst|altera_pll_i|general[0].gpll~PLL_OUTPUT_COUNTER|divclk'
Slack : -0.450
TNS   : -0.770

Type  : Slow 1100mV 85C Model Setup 'TCK'
Slack : 1.600
TNS   : 0.000

Type  : Slow 1100mV 85C Model Setup 'altera_reserved_tck'
Slack : 6.444
TNS   : 0.000

Type  : Slow 1100mV 85C Model Hold 'altera_reserved_tck'
Slack : 0.301
TNS   : 0.000

Type  : Slow 1100mV 85C Model Hold 'pll_33_MHz|cv_pll_inst|altera_pll_i|general[0].gpll~PLL_OUTPUT_COUNTER|divclk'
Slack : 0.319
TNS   : 0.000

Type  : Slow 1100mV 85C Model Hold 'TCK'
Slack : 0.361
TNS   : 0.000

Type  : Slow 1100mV 85C Model Recovery 'TCK'
Slack : 2.496
TNS   : 0.000

Type  : Slow 1100mV 85C Model Recovery 'altera_reserved_tck'
Slack : 28.461
TNS   : 0.000

Type  : Slow 1100mV 85C Model Removal 'altera_reserved_tck'
Slack : 0.704
TNS   : 0.000

Type  : Slow 1100mV 85C Model Removal 'TCK'
Slack : 2.371
TNS   : 0.000

Type  : Slow 1100mV 85C Model Minimum Pulse Width 'pll_33_MHz|cv_pll_inst|altera_pll_i|general[0].gpll~FRACTIONAL_PLL|vcoph[0]'
Slack : 1.250
TNS   : 0.000

Type  : Slow 1100mV 85C Model Minimum Pulse Width 'CLOCK_50'
Slack : 9.731
TNS   : 0.000

Type  : Slow 1100mV 85C Model Minimum Pulse Width 'pll_33_MHz|cv_pll_inst|altera_pll_i|general[0].gpll~PLL_OUTPUT_COUNTER|divclk'
Slack : 13.599
TNS   : 0.000

Type  : Slow 1100mV 85C Model Minimum Pulse Width 'altera_reserved_tck'
Slack : 14.780
TNS   : 0.000

Type  : Slow 1100mV 85C Model Minimum Pulse Width 'TCK'
Slack : 48.782
TNS   : 0.000

Type  : Slow 1100mV 0C Model Setup 'pll_33_MHz|cv_pll_inst|altera_pll_i|general[0].gpll~PLL_OUTPUT_COUNTER|divclk'
Slack : -0.194
TNS   : -0.253

Type  : Slow 1100mV 0C Model Setup 'TCK'
Slack : 1.625
TNS   : 0.000

Type  : Slow 1100mV 0C Model Setup 'altera_reserved_tck'
Slack : 6.503
TNS   : 0.000

Type  : Slow 1100mV 0C Model Hold 'altera_reserved_tck'
Slack : 0.170
TNS   : 0.000

Type  : Slow 1100mV 0C Model Hold 'pll_33_MHz|cv_pll_inst|altera_pll_i|general[0].gpll~PLL_OUTPUT_COUNTER|divclk'
Slack : 0.240
TNS   : 0.000

Type  : Slow 1100mV 0C Model Hold 'TCK'
Slack : 0.333
TNS   : 0.000

Type  : Slow 1100mV 0C Model Recovery 'TCK'
Slack : 2.652
TNS   : 0.000

Type  : Slow 1100mV 0C Model Recovery 'altera_reserved_tck'
Slack : 28.594
TNS   : 0.000

Type  : Slow 1100mV 0C Model Removal 'altera_reserved_tck'
Slack : 0.648
TNS   : 0.000

Type  : Slow 1100mV 0C Model Removal 'TCK'
Slack : 2.360
TNS   : 0.000

Type  : Slow 1100mV 0C Model Minimum Pulse Width 'pll_33_MHz|cv_pll_inst|altera_pll_i|general[0].gpll~FRACTIONAL_PLL|vcoph[0]'
Slack : 1.250
TNS   : 0.000

Type  : Slow 1100mV 0C Model Minimum Pulse Width 'CLOCK_50'
Slack : 9.741
TNS   : 0.000

Type  : Slow 1100mV 0C Model Minimum Pulse Width 'pll_33_MHz|cv_pll_inst|altera_pll_i|general[0].gpll~PLL_OUTPUT_COUNTER|divclk'
Slack : 13.560
TNS   : 0.000

Type  : Slow 1100mV 0C Model Minimum Pulse Width 'altera_reserved_tck'
Slack : 14.742
TNS   : 0.000

Type  : Slow 1100mV 0C Model Minimum Pulse Width 'TCK'
Slack : 48.884
TNS   : 0.000

Type  : Fast 1100mV 85C Model Setup 'pll_33_MHz|cv_pll_inst|altera_pll_i|general[0].gpll~PLL_OUTPUT_COUNTER|divclk'
Slack : 2.168
TNS   : 0.000

Type  : Fast 1100mV 85C Model Setup 'TCK'
Slack : 5.127
TNS   : 0.000

Type  : Fast 1100mV 85C Model Setup 'altera_reserved_tck'
Slack : 11.788
TNS   : 0.000

Type  : Fast 1100mV 85C Model Hold 'altera_reserved_tck'
Slack : 0.050
TNS   : 0.000

Type  : Fast 1100mV 85C Model Hold 'pll_33_MHz|cv_pll_inst|altera_pll_i|general[0].gpll~PLL_OUTPUT_COUNTER|divclk'
Slack : 0.165
TNS   : 0.000

Type  : Fast 1100mV 85C Model Hold 'TCK'
Slack : 0.184
TNS   : 0.000

Type  : Fast 1100mV 85C Model Recovery 'TCK'
Slack : 5.679
TNS   : 0.000

Type  : Fast 1100mV 85C Model Recovery 'altera_reserved_tck'
Slack : 30.362
TNS   : 0.000

Type  : Fast 1100mV 85C Model Removal 'altera_reserved_tck'
Slack : 0.208
TNS   : 0.000

Type  : Fast 1100mV 85C Model Removal 'TCK'
Slack : 1.547
TNS   : 0.000

Type  : Fast 1100mV 85C Model Minimum Pulse Width 'pll_33_MHz|cv_pll_inst|altera_pll_i|general[0].gpll~FRACTIONAL_PLL|vcoph[0]'
Slack : 1.250
TNS   : 0.000

Type  : Fast 1100mV 85C Model Minimum Pulse Width 'CLOCK_50'
Slack : 9.336
TNS   : 0.000

Type  : Fast 1100mV 85C Model Minimum Pulse Width 'pll_33_MHz|cv_pll_inst|altera_pll_i|general[0].gpll~PLL_OUTPUT_COUNTER|divclk'
Slack : 13.892
TNS   : 0.000

Type  : Fast 1100mV 85C Model Minimum Pulse Width 'altera_reserved_tck'
Slack : 14.567
TNS   : 0.000

Type  : Fast 1100mV 85C Model Minimum Pulse Width 'TCK'
Slack : 48.758
TNS   : 0.000

Type  : Fast 1100mV 0C Model Setup 'pll_33_MHz|cv_pll_inst|altera_pll_i|general[0].gpll~PLL_OUTPUT_COUNTER|divclk'
Slack : 2.423
TNS   : 0.000

Type  : Fast 1100mV 0C Model Setup 'TCK'
Slack : 5.608
TNS   : 0.000

Type  : Fast 1100mV 0C Model Setup 'altera_reserved_tck'
Slack : 12.349
TNS   : 0.000

Type  : Fast 1100mV 0C Model Hold 'altera_reserved_tck'
Slack : 0.062
TNS   : 0.000

Type  : Fast 1100mV 0C Model Hold 'pll_33_MHz|cv_pll_inst|altera_pll_i|general[0].gpll~PLL_OUTPUT_COUNTER|divclk'
Slack : 0.112
TNS   : 0.000

Type  : Fast 1100mV 0C Model Hold 'TCK'
Slack : 0.172
TNS   : 0.000

Type  : Fast 1100mV 0C Model Recovery 'TCK'
Slack : 6.111
TNS   : 0.000

Type  : Fast 1100mV 0C Model Recovery 'altera_reserved_tck'
Slack : 30.654
TNS   : 0.000

Type  : Fast 1100mV 0C Model Removal 'altera_reserved_tck'
Slack : 0.180
TNS   : 0.000

Type  : Fast 1100mV 0C Model Removal 'TCK'
Slack : 1.343
TNS   : 0.000

Type  : Fast 1100mV 0C Model Minimum Pulse Width 'pll_33_MHz|cv_pll_inst|altera_pll_i|general[0].gpll~FRACTIONAL_PLL|vcoph[0]'
Slack : 1.250
TNS   : 0.000

Type  : Fast 1100mV 0C Model Minimum Pulse Width 'CLOCK_50'
Slack : 9.286
TNS   : 0.000

Type  : Fast 1100mV 0C Model Minimum Pulse Width 'pll_33_MHz|cv_pll_inst|altera_pll_i|general[0].gpll~PLL_OUTPUT_COUNTER|divclk'
Slack : 13.893
TNS   : 0.000

Type  : Fast 1100mV 0C Model Minimum Pulse Width 'altera_reserved_tck'
Slack : 14.575
TNS   : 0.000

Type  : Fast 1100mV 0C Model Minimum Pulse Width 'TCK'
Slack : 48.774
TNS   : 0.000

------------------------------------------------------------
