Analysis & Synthesis report for counters
Tue Feb 20 12:37:06 2024
Quartus Prime Version 22.1std.0 Build 915 10/25/2022 SC Lite Edition


---------------------
; Table of Contents ;
---------------------
  1. Legal Notice
  2. Analysis & Synthesis Summary
  3. Analysis & Synthesis Settings
  4. Parallel Compilation
  5. Analysis & Synthesis Source Files Read
  6. Analysis & Synthesis Resource Usage Summary
  7. Analysis & Synthesis Resource Utilization by Entity
  8. User-Specified and Inferred Latches
  9. General Register Statistics
 10. Inverted Register Statistics
 11. Multiplexer Restructuring Statistics (Restructuring Performed)
 12. Post-Synthesis Netlist Statistics for Top Partition
 13. Elapsed Time Per Partition
 14. Analysis & Synthesis Messages



----------------
; Legal Notice ;
----------------
Copyright (C) 2022  Intel Corporation. All rights reserved.
Your use of Intel Corporation's design tools, logic functions 
and other software and tools, and any partner logic 
functions, and any output files from any of the foregoing 
(including device programming or simulation files), and any 
associated documentation or information are expressly subject 
to the terms and conditions of the Intel Program License 
Subscription Agreement, the Intel Quartus Prime License Agreement,
the Intel FPGA IP License Agreement, or other applicable license
agreement, including, without limitation, that your use is for
the sole purpose of programming logic devices manufactured by
Intel and sold by Intel or its authorized distributors.  Please
refer to the applicable agreement for further details, at
https://fpgasoftware.intel.com/eula.



+----------------------------------------------------------------------------------+
; Analysis & Synthesis Summary                                                     ;
+---------------------------------+------------------------------------------------+
; Analysis & Synthesis Status     ; Successful - Tue Feb 20 12:37:06 2024          ;
; Quartus Prime Version           ; 22.1std.0 Build 915 10/25/2022 SC Lite Edition ;
; Revision Name                   ; counters                                       ;
; Top-level Entity Name           ; counters                                       ;
; Family                          ; Cyclone V                                      ;
; Logic utilization (in ALMs)     ; N/A                                            ;
; Total registers                 ; 89                                             ;
; Total pins                      ; 60                                             ;
; Total virtual pins              ; 0                                              ;
; Total block memory bits         ; 0                                              ;
; Total DSP Blocks                ; 0                                              ;
; Total HSSI RX PCSs              ; 0                                              ;
; Total HSSI PMA RX Deserializers ; 0                                              ;
; Total HSSI TX PCSs              ; 0                                              ;
; Total HSSI PMA TX Serializers   ; 0                                              ;
; Total PLLs                      ; 0                                              ;
; Total DLLs                      ; 0                                              ;
+---------------------------------+------------------------------------------------+


+---------------------------------------------------------------------------------------------------------------------------+
; Analysis & Synthesis Settings                                                                                             ;
+---------------------------------------------------------------------------------+--------------------+--------------------+
; Option                                                                          ; Setting            ; Default Value      ;
+---------------------------------------------------------------------------------+--------------------+--------------------+
; Device                                                                          ; 5CEBA4F23C7        ;                    ;
; Top-level entity name                                                           ; counters           ; counters           ;
; Family name                                                                     ; Cyclone V          ; Cyclone V          ;
; Use smart compilation                                                           ; Off                ; Off                ;
; Enable parallel Assembler and Timing Analyzer during compilation                ; On                 ; On                 ;
; Enable compact report table                                                     ; Off                ; Off                ;
; Restructure Multiplexers                                                        ; Auto               ; Auto               ;
; MLAB Add Timing Constraints For Mixed-Port Feed-Through Mode Setting Don't Care ; Off                ; Off                ;
; Create Debugging Nodes for IP Cores                                             ; Off                ; Off                ;
; Preserve fewer node names                                                       ; On                 ; On                 ;
; Intel FPGA IP Evaluation Mode                                                   ; Enable             ; Enable             ;
; Verilog Version                                                                 ; Verilog_2001       ; Verilog_2001       ;
; VHDL Version                                                                    ; VHDL_1993          ; VHDL_1993          ;
; State Machine Processing                                                        ; Auto               ; Auto               ;
; Safe State Machine                                                              ; Off                ; Off                ;
; Extract Verilog State Machines                                                  ; On                 ; On                 ;
; Extract VHDL State Machines                                                     ; On                 ; On                 ;
; Ignore Verilog initial constructs                                               ; Off                ; Off                ;
; Iteration limit for constant Verilog loops                                      ; 5000               ; 5000               ;
; Iteration limit for non-constant Verilog loops                                  ; 250                ; 250                ;
; Add Pass-Through Logic to Inferred RAMs                                         ; On                 ; On                 ;
; Infer RAMs from Raw Logic                                                       ; On                 ; On                 ;
; Parallel Synthesis                                                              ; On                 ; On                 ;
; DSP Block Balancing                                                             ; Auto               ; Auto               ;
; NOT Gate Push-Back                                                              ; On                 ; On                 ;
; Power-Up Don't Care                                                             ; On                 ; On                 ;
; Remove Redundant Logic Cells                                                    ; Off                ; Off                ;
; Remove Duplicate Registers                                                      ; On                 ; On                 ;
; Ignore CARRY Buffers                                                            ; Off                ; Off                ;
; Ignore CASCADE Buffers                                                          ; Off                ; Off                ;
; Ignore GLOBAL Buffers                                                           ; Off                ; Off                ;
; Ignore ROW GLOBAL Buffers                                                       ; Off                ; Off                ;
; Ignore LCELL Buffers                                                            ; Off                ; Off                ;
; Ignore SOFT Buffers                                                             ; On                 ; On                 ;
; Limit AHDL Integers to 32 Bits                                                  ; Off                ; Off                ;
; Optimization Technique                                                          ; Balanced           ; Balanced           ;
; Carry Chain Length                                                              ; 70                 ; 70                 ;
; Auto Carry Chains                                                               ; On                 ; On                 ;
; Auto Open-Drain Pins                                                            ; On                 ; On                 ;
; Perform WYSIWYG Primitive Resynthesis                                           ; Off                ; Off                ;
; Auto ROM Replacement                                                            ; On                 ; On                 ;
; Auto RAM Replacement                                                            ; On                 ; On                 ;
; Auto DSP Block Replacement                                                      ; On                 ; On                 ;
; Auto Shift Register Replacement                                                 ; Auto               ; Auto               ;
; Allow Shift Register Merging across Hierarchies                                 ; Auto               ; Auto               ;
; Auto Clock Enable Replacement                                                   ; On                 ; On                 ;
; Strict RAM Replacement                                                          ; Off                ; Off                ;
; Allow Synchronous Control Signals                                               ; On                 ; On                 ;
; Force Use of Synchronous Clear Signals                                          ; Off                ; Off                ;
; Auto Resource Sharing                                                           ; Off                ; Off                ;
; Allow Any RAM Size For Recognition                                              ; Off                ; Off                ;
; Allow Any ROM Size For Recognition                                              ; Off                ; Off                ;
; Allow Any Shift Register Size For Recognition                                   ; Off                ; Off                ;
; Use LogicLock Constraints during Resource Balancing                             ; On                 ; On                 ;
; Ignore translate_off and synthesis_off directives                               ; Off                ; Off                ;
; Timing-Driven Synthesis                                                         ; On                 ; On                 ;
; Report Parameter Settings                                                       ; On                 ; On                 ;
; Report Source Assignments                                                       ; On                 ; On                 ;
; Report Connectivity Checks                                                      ; On                 ; On                 ;
; Ignore Maximum Fan-Out Assignments                                              ; Off                ; Off                ;
; Synchronization Register Chain Length                                           ; 3                  ; 3                  ;
; Power Optimization During Synthesis                                             ; Normal compilation ; Normal compilation ;
; HDL message level                                                               ; Level2             ; Level2             ;
; Suppress Register Optimization Related Messages                                 ; Off                ; Off                ;
; Number of Removed Registers Reported in Synthesis Report                        ; 5000               ; 5000               ;
; Number of Swept Nodes Reported in Synthesis Report                              ; 5000               ; 5000               ;
; Number of Inverted Registers Reported in Synthesis Report                       ; 100                ; 100                ;
; Clock MUX Protection                                                            ; On                 ; On                 ;
; Auto Gated Clock Conversion                                                     ; Off                ; Off                ;
; Block Design Naming                                                             ; Auto               ; Auto               ;
; SDC constraint protection                                                       ; Off                ; Off                ;
; Synthesis Effort                                                                ; Auto               ; Auto               ;
; Shift Register Replacement - Allow Asynchronous Clear Signal                    ; On                 ; On                 ;
; Pre-Mapping Resynthesis Optimization                                            ; Off                ; Off                ;
; Analysis & Synthesis Message Level                                              ; Medium             ; Medium             ;
; Disable Register Merging Across Hierarchies                                     ; Auto               ; Auto               ;
; Resource Aware Inference For Block RAM                                          ; On                 ; On                 ;
; Automatic Parallel Synthesis                                                    ; On                 ; On                 ;
; Partial Reconfiguration Bitstream ID                                            ; Off                ; Off                ;
+---------------------------------------------------------------------------------+--------------------+--------------------+


+------------------------------------------+
; Parallel Compilation                     ;
+----------------------------+-------------+
; Processors                 ; Number      ;
+----------------------------+-------------+
; Number detected on machine ; 12          ;
; Maximum allowed            ; 10          ;
;                            ;             ;
; Average used               ; 1.00        ;
; Maximum used               ; 10          ;
;                            ;             ;
; Usage by Processor         ; % Time Used ;
;     Processor 1            ; 100.0%      ;
;     Processor 2            ;   0.1%      ;
;     Processors 3-10        ;   0.0%      ;
+----------------------------+-------------+


+------------------------------------------------------------------------------------------------------------------------------------------------------------------------------------------------------------+
; Analysis & Synthesis Source Files Read                                                                                                                                                                     ;
+----------------------------------+-----------------+-----------------+---------------------------------------------------------------------------------------------------------------------------+---------+
; File Name with User-Entered Path ; Used in Netlist ; File Type       ; File Name with Absolute Path                                                                                              ; Library ;
+----------------------------------+-----------------+-----------------+---------------------------------------------------------------------------------------------------------------------------+---------+
; counters.vhd                     ; yes             ; User VHDL File  ; C:/Users/sasan/OneDrive - UBC/University of British Columbia/2023-24/Term 2/CPEN 312/Labs/Lab 3/Lab3Counters/counters.vhd ;         ;
+----------------------------------+-----------------+-----------------+---------------------------------------------------------------------------------------------------------------------------+---------+


+-----------------------------------------------------------+
; Analysis & Synthesis Resource Usage Summary               ;
+---------------------------------------------+-------------+
; Resource                                    ; Usage       ;
+---------------------------------------------+-------------+
; Estimate of Logic utilization (ALMs needed) ; 196         ;
;                                             ;             ;
; Combinational ALUT usage for logic          ; 372         ;
;     -- 7 input functions                    ; 0           ;
;     -- 6 input functions                    ; 19          ;
;     -- 5 input functions                    ; 56          ;
;     -- 4 input functions                    ; 205         ;
;     -- <=3 input functions                  ; 92          ;
;                                             ;             ;
; Dedicated logic registers                   ; 89          ;
;                                             ;             ;
; I/O pins                                    ; 60          ;
;                                             ;             ;
; Total DSP Blocks                            ; 0           ;
;                                             ;             ;
; Maximum fan-out node                        ; process_1~2 ;
; Maximum fan-out                             ; 81          ;
; Total fan-out                               ; 1808        ;
; Average fan-out                             ; 3.11        ;
+---------------------------------------------+-------------+


+----------------------------------------------------------------------------------------------------------------------------------------------------------------------------------------+
; Analysis & Synthesis Resource Utilization by Entity                                                                                                                                    ;
+----------------------------+---------------------+---------------------------+-------------------+------------+------+--------------+---------------------+-------------+--------------+
; Compilation Hierarchy Node ; Combinational ALUTs ; Dedicated Logic Registers ; Block Memory Bits ; DSP Blocks ; Pins ; Virtual Pins ; Full Hierarchy Name ; Entity Name ; Library Name ;
+----------------------------+---------------------+---------------------------+-------------------+------------+------+--------------+---------------------+-------------+--------------+
; |counters                  ; 372 (372)           ; 89 (89)                   ; 0                 ; 0          ; 60   ; 0            ; |counters           ; counters    ; work         ;
+----------------------------+---------------------+---------------------------+-------------------+------------+------+--------------+---------------------+-------------+--------------+
Note: For table entries with two numbers listed, the numbers in parentheses indicate the number of resources of the given type used by the specific entity alone. The numbers listed outside of parentheses indicate the total resources of the given type used by the specific entity and all of its sub-entities in the hierarchy.


+--------------------------------------------------------------------------------------------------------+
; User-Specified and Inferred Latches                                                                    ;
+-----------------------------------------------------+-------------------------+------------------------+
; Latch Name                                          ; Latch Enable Signal     ; Free of Timing Hazards ;
+-----------------------------------------------------+-------------------------+------------------------+
; HighDigit_sec_alarm[0]                              ; HighDigit_sec_alarm[0]  ; yes                    ;
; HighDigit_sec_alarm[1]                              ; HighDigit_sec_alarm[0]  ; yes                    ;
; HighDigit_sec_alarm[2]                              ; HighDigit_sec_alarm[0]  ; yes                    ;
; HighDigit_sec_alarm[3]                              ; HighDigit_sec_alarm[0]  ; yes                    ;
; LowDigit_sec_alarm[0]                               ; HighDigit_sec_alarm[0]  ; yes                    ;
; LowDigit_sec_alarm[1]                               ; HighDigit_sec_alarm[0]  ; yes                    ;
; LowDigit_sec_alarm[2]                               ; HighDigit_sec_alarm[0]  ; yes                    ;
; LowDigit_sec_alarm[3]                               ; HighDigit_sec_alarm[0]  ; yes                    ;
; HighDigit_min_alarm[0]                              ; HighDigit_min_alarm[0]  ; yes                    ;
; HighDigit_min_alarm[1]                              ; HighDigit_min_alarm[0]  ; yes                    ;
; HighDigit_min_alarm[2]                              ; HighDigit_min_alarm[0]  ; yes                    ;
; HighDigit_min_alarm[3]                              ; HighDigit_min_alarm[0]  ; yes                    ;
; LowDigit_min_alarm[0]                               ; HighDigit_min_alarm[0]  ; yes                    ;
; LowDigit_min_alarm[1]                               ; HighDigit_min_alarm[0]  ; yes                    ;
; LowDigit_min_alarm[2]                               ; HighDigit_min_alarm[0]  ; yes                    ;
; LowDigit_min_alarm[3]                               ; HighDigit_min_alarm[0]  ; yes                    ;
; HighDigit_hour_alarm[0]                             ; HighDigit_hour_alarm[0] ; yes                    ;
; HighDigit_hour_alarm[1]                             ; HighDigit_hour_alarm[0] ; yes                    ;
; HighDigit_hour_alarm[2]                             ; HighDigit_hour_alarm[0] ; yes                    ;
; HighDigit_hour_alarm[3]                             ; HighDigit_hour_alarm[0] ; yes                    ;
; LowDigit_hour_alarm[0]                              ; HighDigit_hour_alarm[0] ; yes                    ;
; LowDigit_hour_alarm[1]                              ; HighDigit_hour_alarm[0] ; yes                    ;
; LowDigit_hour_alarm[2]                              ; HighDigit_hour_alarm[0] ; yes                    ;
; LowDigit_hour_alarm[3]                              ; HighDigit_hour_alarm[0] ; yes                    ;
; ALARM_ACTIVATED$latch                               ; ALARM_ACTIVATED         ; yes                    ;
; AMPM_FLAG_alarm                                     ; process_2               ; yes                    ;
; alarm_reached                                       ; process_1               ; yes                    ;
; Number of user-specified and inferred latches = 27  ;                         ;                        ;
+-----------------------------------------------------+-------------------------+------------------------+
Note: All latches listed above may not be present at the end of synthesis due to various synthesis optimizations.


+------------------------------------------------------+
; General Register Statistics                          ;
+----------------------------------------------+-------+
; Statistic                                    ; Value ;
+----------------------------------------------+-------+
; Total registers                              ; 89    ;
; Number of registers using Synchronous Clear  ; 29    ;
; Number of registers using Synchronous Load   ; 0     ;
; Number of registers using Asynchronous Clear ; 27    ;
; Number of registers using Asynchronous Load  ; 0     ;
; Number of registers using Clock Enable       ; 53    ;
; Number of registers using Preset             ; 0     ;
+----------------------------------------------+-------+


+--------------------------------------------------+
; Inverted Register Statistics                     ;
+----------------------------------------+---------+
; Inverted Register                      ; Fan out ;
+----------------------------------------+---------+
; LowDigit_hour[0]~_emulated             ; 1       ;
; Total number of inverted registers = 1 ;         ;
+----------------------------------------+---------+


+-------------------------------------------------------------------------------------------------------------------------------------------+
; Multiplexer Restructuring Statistics (Restructuring Performed)                                                                            ;
+--------------------+-----------+---------------+----------------------+------------------------+------------+-----------------------------+
; Multiplexer Inputs ; Bus Width ; Baseline Area ; Area if Restructured ; Saving if Restructured ; Registered ; Example Multiplexer Output  ;
+--------------------+-----------+---------------+----------------------+------------------------+------------+-----------------------------+
; 3:1                ; 4 bits    ; 8 LEs         ; 4 LEs                ; 4 LEs                  ; Yes        ; |counters|HighDigit_hour[2] ;
; 3:1                ; 4 bits    ; 8 LEs         ; 8 LEs                ; 0 LEs                  ; Yes        ; |counters|LowDigit_hour[0]  ;
; 3:1                ; 2 bits    ; 4 LEs         ; 4 LEs                ; 0 LEs                  ; No         ; |counters|AMPM              ;
+--------------------+-----------+---------------+----------------------+------------------------+------------+-----------------------------+


+-----------------------------------------------------+
; Post-Synthesis Netlist Statistics for Top Partition ;
+-----------------------+-----------------------------+
; Type                  ; Count                       ;
+-----------------------+-----------------------------+
; arriav_ff             ; 89                          ;
;     CLR               ; 6                           ;
;     ENA               ; 32                          ;
;     ENA CLR           ; 21                          ;
;     SCLR              ; 29                          ;
;     plain             ; 1                           ;
; arriav_lcell_comb     ; 378                         ;
;     arith             ; 60                          ;
;         1 data inputs ; 59                          ;
;         2 data inputs ; 1                           ;
;     normal            ; 318                         ;
;         1 data inputs ; 7                           ;
;         2 data inputs ; 11                          ;
;         3 data inputs ; 20                          ;
;         4 data inputs ; 205                         ;
;         5 data inputs ; 56                          ;
;         6 data inputs ; 19                          ;
; boundary_port         ; 60                          ;
;                       ;                             ;
; Max LUT depth         ; 5.00                        ;
; Average LUT depth     ; 2.91                        ;
+-----------------------+-----------------------------+


+-------------------------------+
; Elapsed Time Per Partition    ;
+----------------+--------------+
; Partition Name ; Elapsed Time ;
+----------------+--------------+
; Top            ; 00:00:00     ;
+----------------+--------------+


+-------------------------------+
; Analysis & Synthesis Messages ;
+-------------------------------+
Info: *******************************************************************
Info: Running Quartus Prime Analysis & Synthesis
    Info: Version 22.1std.0 Build 915 10/25/2022 SC Lite Edition
    Info: Processing started: Tue Feb 20 12:36:59 2024
Info: Command: quartus_map --read_settings_files=on --write_settings_files=off counters -c counters
Warning (18236): Number of processors has not been specified which may cause overloading on shared machines.  Set the global assignment NUM_PARALLEL_PROCESSORS in your QSF to an appropriate value for best performance.
Info (20030): Parallel compilation is enabled and will use 10 of the 10 processors detected
Info (12021): Found 2 design units, including 1 entities, in source file counters.vhd
    Info (12022): Found design unit 1: counters-a File: C:/Users/sasan/OneDrive - UBC/University of British Columbia/2023-24/Term 2/CPEN 312/Labs/Lab 3/Lab3Counters/counters.vhd Line: 26
    Info (12023): Found entity 1: counters File: C:/Users/sasan/OneDrive - UBC/University of British Columbia/2023-24/Term 2/CPEN 312/Labs/Lab 3/Lab3Counters/counters.vhd Line: 8
Info (12127): Elaborating entity "counters" for the top level hierarchy
Warning (10492): VHDL Process Statement warning at counters.vhd(110): signal "CLK_50" is read inside the Process Statement but isn't in the Process Statement's sensitivity list File: C:/Users/sasan/OneDrive - UBC/University of British Columbia/2023-24/Term 2/CPEN 312/Labs/Lab 3/Lab3Counters/counters.vhd Line: 110
Warning (10492): VHDL Process Statement warning at counters.vhd(150): signal "ALARM_SETTER" is read inside the Process Statement but isn't in the Process Statement's sensitivity list File: C:/Users/sasan/OneDrive - UBC/University of British Columbia/2023-24/Term 2/CPEN 312/Labs/Lab 3/Lab3Counters/counters.vhd Line: 150
Warning (10492): VHDL Process Statement warning at counters.vhd(150): signal "set_time" is read inside the Process Statement but isn't in the Process Statement's sensitivity list File: C:/Users/sasan/OneDrive - UBC/University of British Columbia/2023-24/Term 2/CPEN 312/Labs/Lab 3/Lab3Counters/counters.vhd Line: 150
Warning (10492): VHDL Process Statement warning at counters.vhd(152): signal "AMPM_FLAG_alarm" is read inside the Process Statement but isn't in the Process Statement's sensitivity list File: C:/Users/sasan/OneDrive - UBC/University of British Columbia/2023-24/Term 2/CPEN 312/Labs/Lab 3/Lab3Counters/counters.vhd Line: 152
Warning (10492): VHDL Process Statement warning at counters.vhd(155): signal "AMPM_FLAG_alarm" is read inside the Process Statement but isn't in the Process Statement's sensitivity list File: C:/Users/sasan/OneDrive - UBC/University of British Columbia/2023-24/Term 2/CPEN 312/Labs/Lab 3/Lab3Counters/counters.vhd Line: 155
Warning (10492): VHDL Process Statement warning at counters.vhd(161): signal "KEY1" is read inside the Process Statement but isn't in the Process Statement's sensitivity list File: C:/Users/sasan/OneDrive - UBC/University of British Columbia/2023-24/Term 2/CPEN 312/Labs/Lab 3/Lab3Counters/counters.vhd Line: 161
Warning (10492): VHDL Process Statement warning at counters.vhd(162): signal "LSD_setter" is read inside the Process Statement but isn't in the Process Statement's sensitivity list File: C:/Users/sasan/OneDrive - UBC/University of British Columbia/2023-24/Term 2/CPEN 312/Labs/Lab 3/Lab3Counters/counters.vhd Line: 162
Warning (10492): VHDL Process Statement warning at counters.vhd(163): signal "MSD_setter" is read inside the Process Statement but isn't in the Process Statement's sensitivity list File: C:/Users/sasan/OneDrive - UBC/University of British Columbia/2023-24/Term 2/CPEN 312/Labs/Lab 3/Lab3Counters/counters.vhd Line: 163
Warning (10492): VHDL Process Statement warning at counters.vhd(164): signal "KEY2" is read inside the Process Statement but isn't in the Process Statement's sensitivity list File: C:/Users/sasan/OneDrive - UBC/University of British Columbia/2023-24/Term 2/CPEN 312/Labs/Lab 3/Lab3Counters/counters.vhd Line: 164
Warning (10492): VHDL Process Statement warning at counters.vhd(165): signal "LSD_setter" is read inside the Process Statement but isn't in the Process Statement's sensitivity list File: C:/Users/sasan/OneDrive - UBC/University of British Columbia/2023-24/Term 2/CPEN 312/Labs/Lab 3/Lab3Counters/counters.vhd Line: 165
Warning (10492): VHDL Process Statement warning at counters.vhd(166): signal "MSD_setter" is read inside the Process Statement but isn't in the Process Statement's sensitivity list File: C:/Users/sasan/OneDrive - UBC/University of British Columbia/2023-24/Term 2/CPEN 312/Labs/Lab 3/Lab3Counters/counters.vhd Line: 166
Warning (10492): VHDL Process Statement warning at counters.vhd(167): signal "KEY3" is read inside the Process Statement but isn't in the Process Statement's sensitivity list File: C:/Users/sasan/OneDrive - UBC/University of British Columbia/2023-24/Term 2/CPEN 312/Labs/Lab 3/Lab3Counters/counters.vhd Line: 167
Warning (10492): VHDL Process Statement warning at counters.vhd(168): signal "LSD_setter" is read inside the Process Statement but isn't in the Process Statement's sensitivity list File: C:/Users/sasan/OneDrive - UBC/University of British Columbia/2023-24/Term 2/CPEN 312/Labs/Lab 3/Lab3Counters/counters.vhd Line: 168
Warning (10492): VHDL Process Statement warning at counters.vhd(169): signal "MSD_setter" is read inside the Process Statement but isn't in the Process Statement's sensitivity list File: C:/Users/sasan/OneDrive - UBC/University of British Columbia/2023-24/Term 2/CPEN 312/Labs/Lab 3/Lab3Counters/counters.vhd Line: 169
Warning (10492): VHDL Process Statement warning at counters.vhd(170): signal "LSD_setter" is read inside the Process Statement but isn't in the Process Statement's sensitivity list File: C:/Users/sasan/OneDrive - UBC/University of British Columbia/2023-24/Term 2/CPEN 312/Labs/Lab 3/Lab3Counters/counters.vhd Line: 170
Warning (10492): VHDL Process Statement warning at counters.vhd(173): signal "MSD_setter" is read inside the Process Statement but isn't in the Process Statement's sensitivity list File: C:/Users/sasan/OneDrive - UBC/University of British Columbia/2023-24/Term 2/CPEN 312/Labs/Lab 3/Lab3Counters/counters.vhd Line: 173
Warning (10492): VHDL Process Statement warning at counters.vhd(178): signal "set_time" is read inside the Process Statement but isn't in the Process Statement's sensitivity list File: C:/Users/sasan/OneDrive - UBC/University of British Columbia/2023-24/Term 2/CPEN 312/Labs/Lab 3/Lab3Counters/counters.vhd Line: 178
Warning (10492): VHDL Process Statement warning at counters.vhd(180): signal "AMPM_FLAG" is read inside the Process Statement but isn't in the Process Statement's sensitivity list File: C:/Users/sasan/OneDrive - UBC/University of British Columbia/2023-24/Term 2/CPEN 312/Labs/Lab 3/Lab3Counters/counters.vhd Line: 180
Warning (10492): VHDL Process Statement warning at counters.vhd(187): signal "KEY1" is read inside the Process Statement but isn't in the Process Statement's sensitivity list File: C:/Users/sasan/OneDrive - UBC/University of British Columbia/2023-24/Term 2/CPEN 312/Labs/Lab 3/Lab3Counters/counters.vhd Line: 187
Warning (10492): VHDL Process Statement warning at counters.vhd(188): signal "LSD_setter" is read inside the Process Statement but isn't in the Process Statement's sensitivity list File: C:/Users/sasan/OneDrive - UBC/University of British Columbia/2023-24/Term 2/CPEN 312/Labs/Lab 3/Lab3Counters/counters.vhd Line: 188
Warning (10492): VHDL Process Statement warning at counters.vhd(189): signal "MSD_setter" is read inside the Process Statement but isn't in the Process Statement's sensitivity list File: C:/Users/sasan/OneDrive - UBC/University of British Columbia/2023-24/Term 2/CPEN 312/Labs/Lab 3/Lab3Counters/counters.vhd Line: 189
Warning (10492): VHDL Process Statement warning at counters.vhd(190): signal "KEY2" is read inside the Process Statement but isn't in the Process Statement's sensitivity list File: C:/Users/sasan/OneDrive - UBC/University of British Columbia/2023-24/Term 2/CPEN 312/Labs/Lab 3/Lab3Counters/counters.vhd Line: 190
Warning (10492): VHDL Process Statement warning at counters.vhd(191): signal "LSD_setter" is read inside the Process Statement but isn't in the Process Statement's sensitivity list File: C:/Users/sasan/OneDrive - UBC/University of British Columbia/2023-24/Term 2/CPEN 312/Labs/Lab 3/Lab3Counters/counters.vhd Line: 191
Warning (10492): VHDL Process Statement warning at counters.vhd(192): signal "MSD_setter" is read inside the Process Statement but isn't in the Process Statement's sensitivity list File: C:/Users/sasan/OneDrive - UBC/University of British Columbia/2023-24/Term 2/CPEN 312/Labs/Lab 3/Lab3Counters/counters.vhd Line: 192
Warning (10492): VHDL Process Statement warning at counters.vhd(193): signal "KEY3" is read inside the Process Statement but isn't in the Process Statement's sensitivity list File: C:/Users/sasan/OneDrive - UBC/University of British Columbia/2023-24/Term 2/CPEN 312/Labs/Lab 3/Lab3Counters/counters.vhd Line: 193
Warning (10492): VHDL Process Statement warning at counters.vhd(194): signal "LSD_setter" is read inside the Process Statement but isn't in the Process Statement's sensitivity list File: C:/Users/sasan/OneDrive - UBC/University of British Columbia/2023-24/Term 2/CPEN 312/Labs/Lab 3/Lab3Counters/counters.vhd Line: 194
Warning (10492): VHDL Process Statement warning at counters.vhd(195): signal "MSD_setter" is read inside the Process Statement but isn't in the Process Statement's sensitivity list File: C:/Users/sasan/OneDrive - UBC/University of British Columbia/2023-24/Term 2/CPEN 312/Labs/Lab 3/Lab3Counters/counters.vhd Line: 195
Warning (10492): VHDL Process Statement warning at counters.vhd(196): signal "LSD_setter" is read inside the Process Statement but isn't in the Process Statement's sensitivity list File: C:/Users/sasan/OneDrive - UBC/University of British Columbia/2023-24/Term 2/CPEN 312/Labs/Lab 3/Lab3Counters/counters.vhd Line: 196
Warning (10492): VHDL Process Statement warning at counters.vhd(199): signal "MSD_setter" is read inside the Process Statement but isn't in the Process Statement's sensitivity list File: C:/Users/sasan/OneDrive - UBC/University of British Columbia/2023-24/Term 2/CPEN 312/Labs/Lab 3/Lab3Counters/counters.vhd Line: 199
Warning (10492): VHDL Process Statement warning at counters.vhd(258): signal "ALARM_SETTER" is read inside the Process Statement but isn't in the Process Statement's sensitivity list File: C:/Users/sasan/OneDrive - UBC/University of British Columbia/2023-24/Term 2/CPEN 312/Labs/Lab 3/Lab3Counters/counters.vhd Line: 258
Warning (10492): VHDL Process Statement warning at counters.vhd(258): signal "set_time" is read inside the Process Statement but isn't in the Process Statement's sensitivity list File: C:/Users/sasan/OneDrive - UBC/University of British Columbia/2023-24/Term 2/CPEN 312/Labs/Lab 3/Lab3Counters/counters.vhd Line: 258
Warning (10492): VHDL Process Statement warning at counters.vhd(259): signal "LowDigit_min" is read inside the Process Statement but isn't in the Process Statement's sensitivity list File: C:/Users/sasan/OneDrive - UBC/University of British Columbia/2023-24/Term 2/CPEN 312/Labs/Lab 3/Lab3Counters/counters.vhd Line: 259
Warning (10492): VHDL Process Statement warning at counters.vhd(260): signal "HighDigit_min" is read inside the Process Statement but isn't in the Process Statement's sensitivity list File: C:/Users/sasan/OneDrive - UBC/University of British Columbia/2023-24/Term 2/CPEN 312/Labs/Lab 3/Lab3Counters/counters.vhd Line: 260
Warning (10492): VHDL Process Statement warning at counters.vhd(260): signal "LowDigit_hour" is read inside the Process Statement but isn't in the Process Statement's sensitivity list File: C:/Users/sasan/OneDrive - UBC/University of British Columbia/2023-24/Term 2/CPEN 312/Labs/Lab 3/Lab3Counters/counters.vhd Line: 260
Warning (10492): VHDL Process Statement warning at counters.vhd(260): signal "HighDigit_hour" is read inside the Process Statement but isn't in the Process Statement's sensitivity list File: C:/Users/sasan/OneDrive - UBC/University of British Columbia/2023-24/Term 2/CPEN 312/Labs/Lab 3/Lab3Counters/counters.vhd Line: 260
Warning (10492): VHDL Process Statement warning at counters.vhd(261): signal "LowDigit_min_alarm" is read inside the Process Statement but isn't in the Process Statement's sensitivity list File: C:/Users/sasan/OneDrive - UBC/University of British Columbia/2023-24/Term 2/CPEN 312/Labs/Lab 3/Lab3Counters/counters.vhd Line: 261
Warning (10492): VHDL Process Statement warning at counters.vhd(262): signal "HighDigit_min_alarm" is read inside the Process Statement but isn't in the Process Statement's sensitivity list File: C:/Users/sasan/OneDrive - UBC/University of British Columbia/2023-24/Term 2/CPEN 312/Labs/Lab 3/Lab3Counters/counters.vhd Line: 262
Warning (10492): VHDL Process Statement warning at counters.vhd(262): signal "LowDigit_hour_alarm" is read inside the Process Statement but isn't in the Process Statement's sensitivity list File: C:/Users/sasan/OneDrive - UBC/University of British Columbia/2023-24/Term 2/CPEN 312/Labs/Lab 3/Lab3Counters/counters.vhd Line: 262
Warning (10492): VHDL Process Statement warning at counters.vhd(262): signal "HighDigit_hour_alarm" is read inside the Process Statement but isn't in the Process Statement's sensitivity list File: C:/Users/sasan/OneDrive - UBC/University of British Columbia/2023-24/Term 2/CPEN 312/Labs/Lab 3/Lab3Counters/counters.vhd Line: 262
Warning (10492): VHDL Process Statement warning at counters.vhd(263): signal "AMPM_FLAG" is read inside the Process Statement but isn't in the Process Statement's sensitivity list File: C:/Users/sasan/OneDrive - UBC/University of British Columbia/2023-24/Term 2/CPEN 312/Labs/Lab 3/Lab3Counters/counters.vhd Line: 263
Warning (10492): VHDL Process Statement warning at counters.vhd(263): signal "AMPM_FLAG_alarm" is read inside the Process Statement but isn't in the Process Statement's sensitivity list File: C:/Users/sasan/OneDrive - UBC/University of British Columbia/2023-24/Term 2/CPEN 312/Labs/Lab 3/Lab3Counters/counters.vhd Line: 263
Warning (10492): VHDL Process Statement warning at counters.vhd(264): signal "alarm_reached" is read inside the Process Statement but isn't in the Process Statement's sensitivity list File: C:/Users/sasan/OneDrive - UBC/University of British Columbia/2023-24/Term 2/CPEN 312/Labs/Lab 3/Lab3Counters/counters.vhd Line: 264
Warning (10492): VHDL Process Statement warning at counters.vhd(269): signal "ALARM_SETTER" is read inside the Process Statement but isn't in the Process Statement's sensitivity list File: C:/Users/sasan/OneDrive - UBC/University of British Columbia/2023-24/Term 2/CPEN 312/Labs/Lab 3/Lab3Counters/counters.vhd Line: 269
Warning (10492): VHDL Process Statement warning at counters.vhd(269): signal "set_time" is read inside the Process Statement but isn't in the Process Statement's sensitivity list File: C:/Users/sasan/OneDrive - UBC/University of British Columbia/2023-24/Term 2/CPEN 312/Labs/Lab 3/Lab3Counters/counters.vhd Line: 269
Warning (10631): VHDL Process Statement warning at counters.vhd(105): inferring latch(es) for signal or variable "LowDigit_sec_alarm", which holds its previous value in one or more paths through the process File: C:/Users/sasan/OneDrive - UBC/University of British Columbia/2023-24/Term 2/CPEN 312/Labs/Lab 3/Lab3Counters/counters.vhd Line: 105
Warning (10631): VHDL Process Statement warning at counters.vhd(105): inferring latch(es) for signal or variable "HighDigit_sec_alarm", which holds its previous value in one or more paths through the process File: C:/Users/sasan/OneDrive - UBC/University of British Columbia/2023-24/Term 2/CPEN 312/Labs/Lab 3/Lab3Counters/counters.vhd Line: 105
Warning (10631): VHDL Process Statement warning at counters.vhd(105): inferring latch(es) for signal or variable "LowDigit_min_alarm", which holds its previous value in one or more paths through the process File: C:/Users/sasan/OneDrive - UBC/University of British Columbia/2023-24/Term 2/CPEN 312/Labs/Lab 3/Lab3Counters/counters.vhd Line: 105
Warning (10631): VHDL Process Statement warning at counters.vhd(105): inferring latch(es) for signal or variable "HighDigit_min_alarm", which holds its previous value in one or more paths through the process File: C:/Users/sasan/OneDrive - UBC/University of British Columbia/2023-24/Term 2/CPEN 312/Labs/Lab 3/Lab3Counters/counters.vhd Line: 105
Warning (10631): VHDL Process Statement warning at counters.vhd(105): inferring latch(es) for signal or variable "LowDigit_hour_alarm", which holds its previous value in one or more paths through the process File: C:/Users/sasan/OneDrive - UBC/University of British Columbia/2023-24/Term 2/CPEN 312/Labs/Lab 3/Lab3Counters/counters.vhd Line: 105
Warning (10631): VHDL Process Statement warning at counters.vhd(105): inferring latch(es) for signal or variable "HighDigit_hour_alarm", which holds its previous value in one or more paths through the process File: C:/Users/sasan/OneDrive - UBC/University of British Columbia/2023-24/Term 2/CPEN 312/Labs/Lab 3/Lab3Counters/counters.vhd Line: 105
Warning (10631): VHDL Process Statement warning at counters.vhd(105): inferring latch(es) for signal or variable "AMPM_FLAG_alarm", which holds its previous value in one or more paths through the process File: C:/Users/sasan/OneDrive - UBC/University of British Columbia/2023-24/Term 2/CPEN 312/Labs/Lab 3/Lab3Counters/counters.vhd Line: 105
Warning (10631): VHDL Process Statement warning at counters.vhd(105): inferring latch(es) for signal or variable "ALARM_ACTIVATED", which holds its previous value in one or more paths through the process File: C:/Users/sasan/OneDrive - UBC/University of British Columbia/2023-24/Term 2/CPEN 312/Labs/Lab 3/Lab3Counters/counters.vhd Line: 105
Warning (10631): VHDL Process Statement warning at counters.vhd(105): inferring latch(es) for signal or variable "alarm_reached", which holds its previous value in one or more paths through the process File: C:/Users/sasan/OneDrive - UBC/University of British Columbia/2023-24/Term 2/CPEN 312/Labs/Lab 3/Lab3Counters/counters.vhd Line: 105
Warning (10492): VHDL Process Statement warning at counters.vhd(288): signal "ALARM_SETTER" is read inside the Process Statement but isn't in the Process Statement's sensitivity list File: C:/Users/sasan/OneDrive - UBC/University of British Columbia/2023-24/Term 2/CPEN 312/Labs/Lab 3/Lab3Counters/counters.vhd Line: 288
Info (10041): Inferred latch for "alarm_reached" at counters.vhd(105) File: C:/Users/sasan/OneDrive - UBC/University of British Columbia/2023-24/Term 2/CPEN 312/Labs/Lab 3/Lab3Counters/counters.vhd Line: 105
Info (10041): Inferred latch for "ALARM_ACTIVATED" at counters.vhd(105) File: C:/Users/sasan/OneDrive - UBC/University of British Columbia/2023-24/Term 2/CPEN 312/Labs/Lab 3/Lab3Counters/counters.vhd Line: 105
Info (10041): Inferred latch for "AMPM_FLAG_alarm" at counters.vhd(105) File: C:/Users/sasan/OneDrive - UBC/University of British Columbia/2023-24/Term 2/CPEN 312/Labs/Lab 3/Lab3Counters/counters.vhd Line: 105
Info (10041): Inferred latch for "HighDigit_hour_alarm[0]" at counters.vhd(105) File: C:/Users/sasan/OneDrive - UBC/University of British Columbia/2023-24/Term 2/CPEN 312/Labs/Lab 3/Lab3Counters/counters.vhd Line: 105
Info (10041): Inferred latch for "HighDigit_hour_alarm[1]" at counters.vhd(105) File: C:/Users/sasan/OneDrive - UBC/University of British Columbia/2023-24/Term 2/CPEN 312/Labs/Lab 3/Lab3Counters/counters.vhd Line: 105
Info (10041): Inferred latch for "HighDigit_hour_alarm[2]" at counters.vhd(105) File: C:/Users/sasan/OneDrive - UBC/University of British Columbia/2023-24/Term 2/CPEN 312/Labs/Lab 3/Lab3Counters/counters.vhd Line: 105
Info (10041): Inferred latch for "HighDigit_hour_alarm[3]" at counters.vhd(105) File: C:/Users/sasan/OneDrive - UBC/University of British Columbia/2023-24/Term 2/CPEN 312/Labs/Lab 3/Lab3Counters/counters.vhd Line: 105
Info (10041): Inferred latch for "LowDigit_hour_alarm[0]" at counters.vhd(105) File: C:/Users/sasan/OneDrive - UBC/University of British Columbia/2023-24/Term 2/CPEN 312/Labs/Lab 3/Lab3Counters/counters.vhd Line: 105
Info (10041): Inferred latch for "LowDigit_hour_alarm[1]" at counters.vhd(105) File: C:/Users/sasan/OneDrive - UBC/University of British Columbia/2023-24/Term 2/CPEN 312/Labs/Lab 3/Lab3Counters/counters.vhd Line: 105
Info (10041): Inferred latch for "LowDigit_hour_alarm[2]" at counters.vhd(105) File: C:/Users/sasan/OneDrive - UBC/University of British Columbia/2023-24/Term 2/CPEN 312/Labs/Lab 3/Lab3Counters/counters.vhd Line: 105
Info (10041): Inferred latch for "LowDigit_hour_alarm[3]" at counters.vhd(105) File: C:/Users/sasan/OneDrive - UBC/University of British Columbia/2023-24/Term 2/CPEN 312/Labs/Lab 3/Lab3Counters/counters.vhd Line: 105
Info (10041): Inferred latch for "HighDigit_min_alarm[0]" at counters.vhd(105) File: C:/Users/sasan/OneDrive - UBC/University of British Columbia/2023-24/Term 2/CPEN 312/Labs/Lab 3/Lab3Counters/counters.vhd Line: 105
Info (10041): Inferred latch for "HighDigit_min_alarm[1]" at counters.vhd(105) File: C:/Users/sasan/OneDrive - UBC/University of British Columbia/2023-24/Term 2/CPEN 312/Labs/Lab 3/Lab3Counters/counters.vhd Line: 105
Info (10041): Inferred latch for "HighDigit_min_alarm[2]" at counters.vhd(105) File: C:/Users/sasan/OneDrive - UBC/University of British Columbia/2023-24/Term 2/CPEN 312/Labs/Lab 3/Lab3Counters/counters.vhd Line: 105
Info (10041): Inferred latch for "HighDigit_min_alarm[3]" at counters.vhd(105) File: C:/Users/sasan/OneDrive - UBC/University of British Columbia/2023-24/Term 2/CPEN 312/Labs/Lab 3/Lab3Counters/counters.vhd Line: 105
Info (10041): Inferred latch for "LowDigit_min_alarm[0]" at counters.vhd(105) File: C:/Users/sasan/OneDrive - UBC/University of British Columbia/2023-24/Term 2/CPEN 312/Labs/Lab 3/Lab3Counters/counters.vhd Line: 105
Info (10041): Inferred latch for "LowDigit_min_alarm[1]" at counters.vhd(105) File: C:/Users/sasan/OneDrive - UBC/University of British Columbia/2023-24/Term 2/CPEN 312/Labs/Lab 3/Lab3Counters/counters.vhd Line: 105
Info (10041): Inferred latch for "LowDigit_min_alarm[2]" at counters.vhd(105) File: C:/Users/sasan/OneDrive - UBC/University of British Columbia/2023-24/Term 2/CPEN 312/Labs/Lab 3/Lab3Counters/counters.vhd Line: 105
Info (10041): Inferred latch for "LowDigit_min_alarm[3]" at counters.vhd(105) File: C:/Users/sasan/OneDrive - UBC/University of British Columbia/2023-24/Term 2/CPEN 312/Labs/Lab 3/Lab3Counters/counters.vhd Line: 105
Info (10041): Inferred latch for "HighDigit_sec_alarm[0]" at counters.vhd(105) File: C:/Users/sasan/OneDrive - UBC/University of British Columbia/2023-24/Term 2/CPEN 312/Labs/Lab 3/Lab3Counters/counters.vhd Line: 105
Info (10041): Inferred latch for "HighDigit_sec_alarm[1]" at counters.vhd(105) File: C:/Users/sasan/OneDrive - UBC/University of British Columbia/2023-24/Term 2/CPEN 312/Labs/Lab 3/Lab3Counters/counters.vhd Line: 105
Info (10041): Inferred latch for "HighDigit_sec_alarm[2]" at counters.vhd(105) File: C:/Users/sasan/OneDrive - UBC/University of British Columbia/2023-24/Term 2/CPEN 312/Labs/Lab 3/Lab3Counters/counters.vhd Line: 105
Info (10041): Inferred latch for "HighDigit_sec_alarm[3]" at counters.vhd(105) File: C:/Users/sasan/OneDrive - UBC/University of British Columbia/2023-24/Term 2/CPEN 312/Labs/Lab 3/Lab3Counters/counters.vhd Line: 105
Info (10041): Inferred latch for "LowDigit_sec_alarm[0]" at counters.vhd(105) File: C:/Users/sasan/OneDrive - UBC/University of British Columbia/2023-24/Term 2/CPEN 312/Labs/Lab 3/Lab3Counters/counters.vhd Line: 105
Info (10041): Inferred latch for "LowDigit_sec_alarm[1]" at counters.vhd(105) File: C:/Users/sasan/OneDrive - UBC/University of British Columbia/2023-24/Term 2/CPEN 312/Labs/Lab 3/Lab3Counters/counters.vhd Line: 105
Info (10041): Inferred latch for "LowDigit_sec_alarm[2]" at counters.vhd(105) File: C:/Users/sasan/OneDrive - UBC/University of British Columbia/2023-24/Term 2/CPEN 312/Labs/Lab 3/Lab3Counters/counters.vhd Line: 105
Info (10041): Inferred latch for "LowDigit_sec_alarm[3]" at counters.vhd(105) File: C:/Users/sasan/OneDrive - UBC/University of British Columbia/2023-24/Term 2/CPEN 312/Labs/Lab 3/Lab3Counters/counters.vhd Line: 105
Warning (13012): Latch ALARM_ACTIVATED$latch has unsafe behavior File: C:/Users/sasan/OneDrive - UBC/University of British Columbia/2023-24/Term 2/CPEN 312/Labs/Lab 3/Lab3Counters/counters.vhd Line: 105
    Warning (13013): Ports D and ENA on the latch are fed by the same signal set_time File: C:/Users/sasan/OneDrive - UBC/University of British Columbia/2023-24/Term 2/CPEN 312/Labs/Lab 3/Lab3Counters/counters.vhd Line: 12
Warning (13004): Presettable and clearable registers converted to equivalent circuits with latches. Registers power-up to an undefined state, and DEVCLRn places the registers in an undefined state.
    Warning (13310): Register "HighDigit_sec[0]" is converted into an equivalent circuit using register "HighDigit_sec[0]~_emulated" and latch "HighDigit_sec[0]~1" File: C:/Users/sasan/OneDrive - UBC/University of British Columbia/2023-24/Term 2/CPEN 312/Labs/Lab 3/Lab3Counters/counters.vhd Line: 118
    Warning (13310): Register "HighDigit_sec[1]" is converted into an equivalent circuit using register "HighDigit_sec[1]~_emulated" and latch "HighDigit_sec[1]~5" File: C:/Users/sasan/OneDrive - UBC/University of British Columbia/2023-24/Term 2/CPEN 312/Labs/Lab 3/Lab3Counters/counters.vhd Line: 118
    Warning (13310): Register "HighDigit_sec[2]" is converted into an equivalent circuit using register "HighDigit_sec[2]~_emulated" and latch "HighDigit_sec[2]~9" File: C:/Users/sasan/OneDrive - UBC/University of British Columbia/2023-24/Term 2/CPEN 312/Labs/Lab 3/Lab3Counters/counters.vhd Line: 118
    Warning (13310): Register "HighDigit_sec[3]" is converted into an equivalent circuit using register "HighDigit_sec[3]~_emulated" and latch "HighDigit_sec[3]~13" File: C:/Users/sasan/OneDrive - UBC/University of British Columbia/2023-24/Term 2/CPEN 312/Labs/Lab 3/Lab3Counters/counters.vhd Line: 118
    Warning (13310): Register "LowDigit_sec[0]" is converted into an equivalent circuit using register "LowDigit_sec[0]~_emulated" and latch "LowDigit_sec[0]~1" File: C:/Users/sasan/OneDrive - UBC/University of British Columbia/2023-24/Term 2/CPEN 312/Labs/Lab 3/Lab3Counters/counters.vhd Line: 118
    Warning (13310): Register "LowDigit_sec[1]" is converted into an equivalent circuit using register "LowDigit_sec[1]~_emulated" and latch "LowDigit_sec[1]~5" File: C:/Users/sasan/OneDrive - UBC/University of British Columbia/2023-24/Term 2/CPEN 312/Labs/Lab 3/Lab3Counters/counters.vhd Line: 118
    Warning (13310): Register "LowDigit_sec[2]" is converted into an equivalent circuit using register "LowDigit_sec[2]~_emulated" and latch "LowDigit_sec[2]~9" File: C:/Users/sasan/OneDrive - UBC/University of British Columbia/2023-24/Term 2/CPEN 312/Labs/Lab 3/Lab3Counters/counters.vhd Line: 118
    Warning (13310): Register "LowDigit_sec[3]" is converted into an equivalent circuit using register "LowDigit_sec[3]~_emulated" and latch "LowDigit_sec[3]~13" File: C:/Users/sasan/OneDrive - UBC/University of British Columbia/2023-24/Term 2/CPEN 312/Labs/Lab 3/Lab3Counters/counters.vhd Line: 118
    Warning (13310): Register "HighDigit_min[0]" is converted into an equivalent circuit using register "HighDigit_min[0]~_emulated" and latch "HighDigit_min[0]~1" File: C:/Users/sasan/OneDrive - UBC/University of British Columbia/2023-24/Term 2/CPEN 312/Labs/Lab 3/Lab3Counters/counters.vhd Line: 118
    Warning (13310): Register "HighDigit_min[1]" is converted into an equivalent circuit using register "HighDigit_min[1]~_emulated" and latch "HighDigit_min[1]~5" File: C:/Users/sasan/OneDrive - UBC/University of British Columbia/2023-24/Term 2/CPEN 312/Labs/Lab 3/Lab3Counters/counters.vhd Line: 118
    Warning (13310): Register "HighDigit_min[2]" is converted into an equivalent circuit using register "HighDigit_min[2]~_emulated" and latch "HighDigit_min[2]~9" File: C:/Users/sasan/OneDrive - UBC/University of British Columbia/2023-24/Term 2/CPEN 312/Labs/Lab 3/Lab3Counters/counters.vhd Line: 118
    Warning (13310): Register "HighDigit_min[3]" is converted into an equivalent circuit using register "HighDigit_min[3]~_emulated" and latch "HighDigit_min[3]~13" File: C:/Users/sasan/OneDrive - UBC/University of British Columbia/2023-24/Term 2/CPEN 312/Labs/Lab 3/Lab3Counters/counters.vhd Line: 118
    Warning (13310): Register "LowDigit_min[0]" is converted into an equivalent circuit using register "LowDigit_min[0]~_emulated" and latch "LowDigit_min[0]~1" File: C:/Users/sasan/OneDrive - UBC/University of British Columbia/2023-24/Term 2/CPEN 312/Labs/Lab 3/Lab3Counters/counters.vhd Line: 118
    Warning (13310): Register "LowDigit_min[1]" is converted into an equivalent circuit using register "LowDigit_min[1]~_emulated" and latch "LowDigit_min[1]~5" File: C:/Users/sasan/OneDrive - UBC/University of British Columbia/2023-24/Term 2/CPEN 312/Labs/Lab 3/Lab3Counters/counters.vhd Line: 118
    Warning (13310): Register "LowDigit_min[2]" is converted into an equivalent circuit using register "LowDigit_min[2]~_emulated" and latch "LowDigit_min[2]~9" File: C:/Users/sasan/OneDrive - UBC/University of British Columbia/2023-24/Term 2/CPEN 312/Labs/Lab 3/Lab3Counters/counters.vhd Line: 118
    Warning (13310): Register "LowDigit_min[3]" is converted into an equivalent circuit using register "LowDigit_min[3]~_emulated" and latch "LowDigit_min[3]~13" File: C:/Users/sasan/OneDrive - UBC/University of British Columbia/2023-24/Term 2/CPEN 312/Labs/Lab 3/Lab3Counters/counters.vhd Line: 118
    Warning (13310): Register "HighDigit_hour[0]" is converted into an equivalent circuit using register "HighDigit_hour[0]~_emulated" and latch "HighDigit_hour[0]~1" File: C:/Users/sasan/OneDrive - UBC/University of British Columbia/2023-24/Term 2/CPEN 312/Labs/Lab 3/Lab3Counters/counters.vhd Line: 118
    Warning (13310): Register "HighDigit_hour[1]" is converted into an equivalent circuit using register "HighDigit_hour[1]~_emulated" and latch "HighDigit_hour[1]~5" File: C:/Users/sasan/OneDrive - UBC/University of British Columbia/2023-24/Term 2/CPEN 312/Labs/Lab 3/Lab3Counters/counters.vhd Line: 118
    Warning (13310): Register "HighDigit_hour[2]" is converted into an equivalent circuit using register "HighDigit_hour[2]~_emulated" and latch "HighDigit_hour[2]~9" File: C:/Users/sasan/OneDrive - UBC/University of British Columbia/2023-24/Term 2/CPEN 312/Labs/Lab 3/Lab3Counters/counters.vhd Line: 118
    Warning (13310): Register "HighDigit_hour[3]" is converted into an equivalent circuit using register "HighDigit_hour[3]~_emulated" and latch "HighDigit_hour[3]~13" File: C:/Users/sasan/OneDrive - UBC/University of British Columbia/2023-24/Term 2/CPEN 312/Labs/Lab 3/Lab3Counters/counters.vhd Line: 118
    Warning (13310): Register "LowDigit_hour[0]" is converted into an equivalent circuit using register "LowDigit_hour[0]~_emulated" and latch "LowDigit_hour[0]~1" File: C:/Users/sasan/OneDrive - UBC/University of British Columbia/2023-24/Term 2/CPEN 312/Labs/Lab 3/Lab3Counters/counters.vhd Line: 118
    Warning (13310): Register "LowDigit_hour[1]" is converted into an equivalent circuit using register "LowDigit_hour[1]~_emulated" and latch "LowDigit_hour[1]~5" File: C:/Users/sasan/OneDrive - UBC/University of British Columbia/2023-24/Term 2/CPEN 312/Labs/Lab 3/Lab3Counters/counters.vhd Line: 118
    Warning (13310): Register "LowDigit_hour[2]" is converted into an equivalent circuit using register "LowDigit_hour[2]~_emulated" and latch "LowDigit_hour[2]~9" File: C:/Users/sasan/OneDrive - UBC/University of British Columbia/2023-24/Term 2/CPEN 312/Labs/Lab 3/Lab3Counters/counters.vhd Line: 118
    Warning (13310): Register "LowDigit_hour[3]" is converted into an equivalent circuit using register "LowDigit_hour[3]~_emulated" and latch "LowDigit_hour[3]~13" File: C:/Users/sasan/OneDrive - UBC/University of British Columbia/2023-24/Term 2/CPEN 312/Labs/Lab 3/Lab3Counters/counters.vhd Line: 118
    Warning (13310): Register "AMPM~reg0" is converted into an equivalent circuit using register "AMPM~reg0_emulated" and latch "AMPM~1" File: C:/Users/sasan/OneDrive - UBC/University of British Columbia/2023-24/Term 2/CPEN 312/Labs/Lab 3/Lab3Counters/counters.vhd Line: 18
    Warning (13310): Register "AMPM_FLAG" is converted into an equivalent circuit using register "AMPM_FLAG~_emulated" and latch "AMPM_FLAG~1" File: C:/Users/sasan/OneDrive - UBC/University of British Columbia/2023-24/Term 2/CPEN 312/Labs/Lab 3/Lab3Counters/counters.vhd Line: 69
Info (286030): Timing-Driven Synthesis is running
Info (16010): Generating hard_block partition "hard_block:auto_generated_inst"
    Info (16011): Adding 0 node(s), including 0 DDIO, 0 PLL, 0 transceiver and 0 LCELL
Info (21057): Implemented 434 device resources after synthesis - the final resource count might be different
    Info (21058): Implemented 15 input pins
    Info (21059): Implemented 45 output pins
    Info (21061): Implemented 374 logic cells
Info: Quartus Prime Analysis & Synthesis was successful. 0 errors, 84 warnings
    Info: Peak virtual memory: 4928 megabytes
    Info: Processing ended: Tue Feb 20 12:37:06 2024
    Info: Elapsed time: 00:00:07
    Info: Total CPU time (on all processors): 00:00:05


